event: message_start
data: {"message":{"content":[],"id":"msg_test123","model":"claude-sonnet-4-20250514","role":"assistant","stop_reason":null,"stop_sequence":null,"type":"message","usage":{"input_tokens":100,"output_tokens":1}},"type":"message_start"}

event: ping
data: {"type":"ping"}

event: content_block_start
data: {"content_block":{"text":"","type":"text"},"index":0,"type":"content_block_start"}

event: content_block_delta
data: {"delta":{"text":"Let me read that file.","type":"text_delta"},"index":0,"type":"content_block_delta"}

event: content_block_start
data: {"content_block":{"id":"tool_456","input":{},"name":"read_file","type":"tool_use"},"index":1,"type":"content_block_start"}

event: content_block_delta
data: {"delta":{"partial_json":"{\"path\":\"/example.txt\"}","type":"input_json_delta"},"index":1,"type":"content_block_delta"}

event: content_block_stop
data: {"index":1,"type":"content_block_stop"}

event: message_delta
data: {"delta":{"stop_reason":"tool_use","stop_sequence":null},"type":"message_delta","usage":{"output_tokens":0}}

event: content_block_stop
data: {"index":0,"type":"content_block_stop"}

event: message_stop
data: {"type":"message_stop"}

